
> @prc/facets@1.0.0 build
> wp-scripts build --experimental-modules --webpack-copy-php && wp-scripts build-blocks-manifest

assets by path search-relevancy/ 5.72 KiB 9 assets
assets by path template/ 22.4 KiB
  assets by chunk 7.07 KiB (name: template/index) 4 assets
  assets by chunk 4.53 KiB (name: template/style-index) 2 assets
  + 2 assets
assets by path context-provider/ 10.1 KiB
  assets by path context-provider/*.php 5.92 KiB 2 assets
  assets by chunk 378 bytes (id hint: style) 2 assets
  + 2 assets
assets by path results-info/ 4.45 KiB
  assets by path results-info/*.php 1.69 KiB 3 assets
  asset results-info/index.js 1.48 KiB [emitted] [minimized] (name: results-info/index)
  asset results-info/block.json 1.28 KiB [emitted] [from: src/results-info/block.json] [copied]
Entrypoint context-provider/index 3.59 KiB = context-provider/style-index.css 189 bytes context-provider/style-index-rtl.css 189 bytes context-provider/index.js 3.03 KiB context-provider/index.asset.php 199 bytes
Entrypoint results-info/index 1.63 KiB = results-info/index.js 1.48 KiB results-info/index.asset.php 148 bytes
Entrypoint search-relevancy/index 2.81 KiB = 6 assets
Entrypoint template/index 11.6 KiB = 6 assets
orphan modules 28.5 KiB (javascript) 4.58 KiB (runtime) [orphan] 61 modules
runtime modules 8.05 KiB 11 modules
built modules 2.69 KiB (css/mini-extract) 25.8 KiB (javascript) [built]
  cacheable modules 2.69 KiB
    modules by path ./src/search-relevancy/ 167 bytes 2 modules
    modules by path ./src/template/ 2.34 KiB
      css ../../node_modules/css-loader/dist/cjs.js??ruleSet[1].rules[3].use[1]!../../node_modules/postcss-loader/dist/cjs.js??ruleSet[1].rules[3].use[2]!../../node_modules/sass-loader/dist/cjs.js??ruleSet[1].rules[3].use[3]!./src/template/style.scss 2.26 KiB [built] [code generated]
      css ../../node_modules/css-loader/dist/cjs.js??ruleSet[1].rules[3].use[1]!../../node_modules/postcss-loader/dist/cjs.js??ruleSet[1].rules[3].use[2]!../../node_modules/sass-loader/dist/cjs.js??ruleSet[1].rules[3].use[3]!./src/template/editor.scss 80 bytes [built] [code generated]
    css ../../node_modules/css-loader/dist/cjs.js??ruleSet[1].rules[3].use[1]!../../node_modules/postcss-loader/dist/cjs.js??ruleSet[1].rules[3].use[2]!../../node_modules/sass-loader/dist/cjs.js??ruleSet[1].rules[3].use[3]!./src/context-provider/style.scss 188 bytes [built] [code generated]
  javascript modules 25.8 KiB
    ./src/context-provider/index.js + 13 modules 5.52 KiB [not cacheable] [built] [code generated]
    ./src/results-info/index.js + 7 modules 3.65 KiB [not cacheable] [built] [code generated]
    ./src/search-relevancy/index.js + 7 modules 4.55 KiB [not cacheable] [built] [code generated]
    ./src/template/index.js + 15 modules 12.1 KiB [not cacheable] [built] [code generated]
webpack 5.106.2 compiled successfully in 4177 ms

assets by path template/ 8.61 KiB
  asset template/view.js 8.41 KiB [emitted] [javascript module] [minimized] (name: template/view)
  asset template/view.asset.php 203 bytes [emitted] (name: template/view)
assets by path search-relevancy/ 893 bytes
  asset search-relevancy/view.js 763 bytes [emitted] [javascript module] [minimized] (name: search-relevancy/view)
  asset search-relevancy/view.asset.php 130 bytes [emitted] (name: search-relevancy/view)
assets by path results-info/ 447 bytes
  asset results-info/view.js 317 bytes [emitted] [javascript module] [minimized] (name: results-info/view)
  asset results-info/view.asset.php 130 bytes [emitted] (name: results-info/view)
Entrypoint results-info/view 447 bytes = results-info/view.js 317 bytes results-info/view.asset.php 130 bytes
Entrypoint search-relevancy/view 893 bytes = search-relevancy/view.js 763 bytes search-relevancy/view.asset.php 130 bytes
Entrypoint template/view 8.61 KiB = template/view.js 8.41 KiB template/view.asset.php 203 bytes
orphan modules 42 bytes [orphan] 1 module
modules by path ./src/ 26.7 KiB
  ./src/results-info/view.js + 1 modules 1.22 KiB [not cacheable] [built] [code generated]
  ./src/search-relevancy/view.js + 1 modules 1.44 KiB [not cacheable] [built] [code generated]
  ./src/template/view.js + 1 modules 24 KiB [not cacheable] [built] [code generated]
external "@wordpress/interactivity-router" 42 bytes [built] [code generated]
webpack 5.106.2 compiled successfully in 2751 ms
Block metadata PHP file generated at: build/blocks-manifest.php
